// Jest Snapshot v1, https://goo.gl/fbAQLP

exports[`App: Component should not render App when language is not set 1`] = `""`;

exports[`App: Component should render App when language is set 1`] = `
<IntlProvider
  key="en"
  locale="en"
  messages={
    Object {
      "app.pageTitle": "Apptension Boilerplate",
      "home.pageTitle": "Homepage",
      "home.welcome": "Hello World!",
      "notFound.pageTitle": "Not found",
      "notFound.title": "Error: 404",
      "unsupported.pageTitle": "Unsupported Browser",
      "unsupported.title": "Unsupported Browser",
    }
  }
>
  <ResponsiveThemeProvider
    theme={
      Object {
        "color": Object {
          "white": "#fffffff",
        },
        "font": Object {
          "primary": "OpenSans",
        },
      }
    }
  >
    <FormattedMessage
      defaultMessage="Apptension Boilerplate"
      id="app.pageTitle"
    >
      <Component />
    </FormattedMessage>
    <GlobalStyleComponent />
    <div
      className="app__children"
    >
      Children
    </div>
  </ResponsiveThemeProvider>
</IntlProvider>
`;
