// Jest Snapshot v1, https://goo.gl/fbAQLP

exports[`Home: Component should render correctly 1`] = `
<div
  class="sc-bwzfXH ccAhMr"
>
  <h1
    class="sc-bxivhb gEuBBo"
  >
    Hello World!
  </h1>
  <svg
    class="sc-htpNat Xhxdi"
  >
    logo.svg
  </svg>
  <select
    class="sc-bdVaJa bDWFJH"
  >
    <option
      value="en"
    >
      en
    </option>
    <option
      value="pl"
    >
      pl
    </option>
  </select>
</div>
`;
