// Jest Snapshot v1, https://goo.gl/fbAQLP

exports[`NotFound: Component should render correctly 1`] = `
.c0 {
  font-family: OpenSans,Helvetica,Arial,sans-serif;
  font-weight: 600;
  font-size: 39px;
  line-height: 43px;
}

<div>
  <div
    class=""
  >
    <h1
      class="c0"
    >
      Error: 404
    </h1>
  </div>
</div>
`;
